[INFO] 2026-07-09 13:24:41,360 - cmd_lambda.py:66 - tdk_lambda - Lambda dvc: ['/app/bms/tdk_lambda.py', 'dvc'] - ["[Errno 2] could not open port /dev/ttyUSB0: [Errno 2] No such file or directory: '/dev/ttyUSB0'"]
[INFO] 2026-07-09 13:24:42,642 - cmd_lambda.py:66 - tdk_lambda - Lambda dvc: ['/app/bms/tdk_lambda.py', 'dvc'] - ["[Errno 2] could not open port /dev/ttyUSB0: [Errno 2] No such file or directory: '/dev/ttyUSB0'"]
[INFO] 2026-07-09 13:24:47,573 - cmd_lambda.py:66 - tdk_lambda - Lambda dvc: ['/app/bms/tdk_lambda.py', 'dvc'] - ["[Errno 2] could not open port /dev/ttyUSB0: [Errno 2] No such file or directory: '/dev/ttyUSB0'"]
[ERROR] 2026-07-09 13:25:11,933 - cmd_lambda.py:31 - tdk_lambda - Lambda status: ['/app/bms/tdk_lambda.py', 'status'] - list index out of range
Traceback (most recent call last):
  File "/app/bms/controller/cmd_lambda.py", line 28, in lambda_status
    output = subprocess.check_output(command, universal_newlines=True).split('=>')[1].strip()
IndexError: list index out of range
[ERROR] 2026-07-10 07:07:18,468 - cmd_lambda.py:31 - tdk_lambda - Lambda status: ['/app/bms/tdk_lambda.py', 'status'] - list index out of range
Traceback (most recent call last):
  File "/app/bms/controller/cmd_lambda.py", line 28, in lambda_status
    output = subprocess.check_output(command, universal_newlines=True).split('=>')[1].strip()
IndexError: list index out of range
[INFO] 2026-07-10 07:07:22,140 - cmd_lambda.py:66 - tdk_lambda - Lambda dvc: ['/app/bms/tdk_lambda.py', 'dvc'] - ["[Errno 2] could not open port /dev/ttyUSB0: [Errno 2] No such file or directory: '/dev/ttyUSB0'"]
[INFO] 2026-07-10 07:07:37,244 - cmd_lambda.py:66 - tdk_lambda - Lambda dvc: ['/app/bms/tdk_lambda.py', 'dvc'] - ["[Errno 2] could not open port /dev/ttyUSB0: [Errno 2] No such file or directory: '/dev/ttyUSB0'"]
[ERROR] 2026-07-10 07:07:40,274 - cmd_lambda.py:31 - tdk_lambda - Lambda status: ['/app/bms/tdk_lambda.py', 'status'] - list index out of range
Traceback (most recent call last):
  File "/app/bms/controller/cmd_lambda.py", line 28, in lambda_status
    output = subprocess.check_output(command, universal_newlines=True).split('=>')[1].strip()
IndexError: list index out of range
[ERROR] 2026-07-10 07:07:45,218 - cmd_lambda.py:31 - tdk_lambda - Lambda status: ['/app/bms/tdk_lambda.py', 'status'] - list index out of range
Traceback (most recent call last):
  File "/app/bms/controller/cmd_lambda.py", line 28, in lambda_status
    output = subprocess.check_output(command, universal_newlines=True).split('=>')[1].strip()
IndexError: list index out of range
[ERROR] 2026-07-10 07:07:57,480 - cmd_lambda.py:31 - tdk_lambda - Lambda status: ['/app/bms/tdk_lambda.py', 'status'] - list index out of range
Traceback (most recent call last):
  File "/app/bms/controller/cmd_lambda.py", line 28, in lambda_status
    output = subprocess.check_output(command, universal_newlines=True).split('=>')[1].strip()
IndexError: list index out of range
[ERROR] 2026-07-10 07:08:06,897 - cmd_lambda.py:31 - tdk_lambda - Lambda status: ['/app/bms/tdk_lambda.py', 'status'] - list index out of range
Traceback (most recent call last):
  File "/app/bms/controller/cmd_lambda.py", line 28, in lambda_status
    output = subprocess.check_output(command, universal_newlines=True).split('=>')[1].strip()
IndexError: list index out of range
[ERROR] 2026-07-10 07:11:53,756 - cmd_lambda.py:31 - tdk_lambda - Lambda status: ['/app/bms/tdk_lambda.py', 'status'] - list index out of range
Traceback (most recent call last):
  File "/app/bms/controller/cmd_lambda.py", line 28, in lambda_status
    output = subprocess.check_output(command, universal_newlines=True).split('=>')[1].strip()
IndexError: list index out of range
[ERROR] 2026-07-10 07:13:39,059 - cmd_lambda.py:31 - tdk_lambda - Lambda status: ['/app/bms/tdk_lambda.py', 'status'] - list index out of range
Traceback (most recent call last):
  File "/app/bms/controller/cmd_lambda.py", line 28, in lambda_status
    output = subprocess.check_output(command, universal_newlines=True).split('=>')[1].strip()
IndexError: list index out of range
[ERROR] 2026-07-10 07:14:04,788 - cmd_lambda.py:31 - tdk_lambda - Lambda status: ['/app/bms/tdk_lambda.py', 'status'] - list index out of range
Traceback (most recent call last):
  File "/app/bms/controller/cmd_lambda.py", line 28, in lambda_status
    output = subprocess.check_output(command, universal_newlines=True).split('=>')[1].strip()
IndexError: list index out of range
[ERROR] 2026-07-10 07:14:45,663 - cmd_lambda.py:31 - tdk_lambda - Lambda status: ['/app/bms/tdk_lambda.py', 'status'] - list index out of range
Traceback (most recent call last):
  File "/app/bms/controller/cmd_lambda.py", line 28, in lambda_status
    output = subprocess.check_output(command, universal_newlines=True).split('=>')[1].strip()
IndexError: list index out of range
[ERROR] 2026-07-10 07:23:41,656 - cmd_lambda.py:31 - tdk_lambda - Lambda status: ['/app/bms/tdk_lambda.py', 'status'] - list index out of range
Traceback (most recent call last):
  File "/app/bms/controller/cmd_lambda.py", line 28, in lambda_status
    output = subprocess.check_output(command, universal_newlines=True).split('=>')[1].strip()
IndexError: list index out of range
[ERROR] 2026-07-10 07:24:40,962 - cmd_lambda.py:31 - tdk_lambda - Lambda status: ['/app/bms/tdk_lambda.py', 'status'] - list index out of range
Traceback (most recent call last):
  File "/app/bms/controller/cmd_lambda.py", line 28, in lambda_status
    output = subprocess.check_output(command, universal_newlines=True).split('=>')[1].strip()
IndexError: list index out of range
[ERROR] 2026-07-10 07:24:43,401 - cmd_lambda.py:31 - tdk_lambda - Lambda status: ['/app/bms/tdk_lambda.py', 'status'] - list index out of range
Traceback (most recent call last):
  File "/app/bms/controller/cmd_lambda.py", line 28, in lambda_status
    output = subprocess.check_output(command, universal_newlines=True).split('=>')[1].strip()
IndexError: list index out of range
[ERROR] 2026-07-10 07:45:14,646 - cmd_lambda.py:31 - tdk_lambda - Lambda status: ['/app/bms/tdk_lambda.py', 'status'] - list index out of range
Traceback (most recent call last):
  File "/app/bms/controller/cmd_lambda.py", line 28, in lambda_status
    output = subprocess.check_output(command, universal_newlines=True).split('=>')[1].strip()
IndexError: list index out of range
[ERROR] 2026-07-10 07:46:22,641 - cmd_lambda.py:31 - tdk_lambda - Lambda status: ['/app/bms/tdk_lambda.py', 'status'] - list index out of range
Traceback (most recent call last):
  File "/app/bms/controller/cmd_lambda.py", line 28, in lambda_status
    output = subprocess.check_output(command, universal_newlines=True).split('=>')[1].strip()
IndexError: list index out of range
[ERROR] 2026-07-10 07:49:26,929 - cmd_lambda.py:31 - tdk_lambda - Lambda status: ['/app/bms/tdk_lambda.py', 'status'] - list index out of range
Traceback (most recent call last):
  File "/app/bms/controller/cmd_lambda.py", line 28, in lambda_status
    output = subprocess.check_output(command, universal_newlines=True).split('=>')[1].strip()
IndexError: list index out of range
[ERROR] 2026-07-10 07:52:06,349 - cmd_lambda.py:31 - tdk_lambda - Lambda status: ['/app/bms/tdk_lambda.py', 'status'] - list index out of range
Traceback (most recent call last):
  File "/app/bms/controller/cmd_lambda.py", line 28, in lambda_status
    output = subprocess.check_output(command, universal_newlines=True).split('=>')[1].strip()
IndexError: list index out of range
[ERROR] 2026-07-10 07:52:11,925 - cmd_lambda.py:31 - tdk_lambda - Lambda status: ['/app/bms/tdk_lambda.py', 'status'] - list index out of range
Traceback (most recent call last):
  File "/app/bms/controller/cmd_lambda.py", line 28, in lambda_status
    output = subprocess.check_output(command, universal_newlines=True).split('=>')[1].strip()
IndexError: list index out of range
[ERROR] 2026-07-10 07:52:25,064 - cmd_lambda.py:31 - tdk_lambda - Lambda status: ['/app/bms/tdk_lambda.py', 'status'] - list index out of range
Traceback (most recent call last):
  File "/app/bms/controller/cmd_lambda.py", line 28, in lambda_status
    output = subprocess.check_output(command, universal_newlines=True).split('=>')[1].strip()
IndexError: list index out of range
[ERROR] 2026-07-10 07:53:57,011 - cmd_lambda.py:31 - tdk_lambda - Lambda status: ['/app/bms/tdk_lambda.py', 'status'] - list index out of range
Traceback (most recent call last):
  File "/app/bms/controller/cmd_lambda.py", line 28, in lambda_status
    output = subprocess.check_output(command, universal_newlines=True).split('=>')[1].strip()
IndexError: list index out of range
[ERROR] 2026-07-10 07:54:30,638 - cmd_lambda.py:31 - tdk_lambda - Lambda status: ['/app/bms/tdk_lambda.py', 'status'] - list index out of range
Traceback (most recent call last):
  File "/app/bms/controller/cmd_lambda.py", line 28, in lambda_status
    output = subprocess.check_output(command, universal_newlines=True).split('=>')[1].strip()
IndexError: list index out of range
[ERROR] 2026-07-10 07:55:16,729 - cmd_lambda.py:31 - tdk_lambda - Lambda status: ['/app/bms/tdk_lambda.py', 'status'] - list index out of range
Traceback (most recent call last):
  File "/app/bms/controller/cmd_lambda.py", line 28, in lambda_status
    output = subprocess.check_output(command, universal_newlines=True).split('=>')[1].strip()
IndexError: list index out of range
[ERROR] 2026-07-10 07:56:53,148 - cmd_lambda.py:31 - tdk_lambda - Lambda status: ['/app/bms/tdk_lambda.py', 'status'] - list index out of range
Traceback (most recent call last):
  File "/app/bms/controller/cmd_lambda.py", line 28, in lambda_status
    output = subprocess.check_output(command, universal_newlines=True).split('=>')[1].strip()
IndexError: list index out of range
[ERROR] 2026-07-10 07:57:49,146 - cmd_lambda.py:31 - tdk_lambda - Lambda status: ['/app/bms/tdk_lambda.py', 'status'] - list index out of range
Traceback (most recent call last):
  File "/app/bms/controller/cmd_lambda.py", line 28, in lambda_status
    output = subprocess.check_output(command, universal_newlines=True).split('=>')[1].strip()
IndexError: list index out of range
[ERROR] 2026-07-10 07:59:20,020 - cmd_lambda.py:31 - tdk_lambda - Lambda status: ['/app/bms/tdk_lambda.py', 'status'] - list index out of range
Traceback (most recent call last):
  File "/app/bms/controller/cmd_lambda.py", line 28, in lambda_status
    output = subprocess.check_output(command, universal_newlines=True).split('=>')[1].strip()
IndexError: list index out of range
[ERROR] 2026-07-10 08:01:07,209 - cmd_lambda.py:31 - tdk_lambda - Lambda status: ['/app/bms/tdk_lambda.py', 'status'] - list index out of range
Traceback (most recent call last):
  File "/app/bms/controller/cmd_lambda.py", line 28, in lambda_status
    output = subprocess.check_output(command, universal_newlines=True).split('=>')[1].strip()
IndexError: list index out of range
[ERROR] 2026-07-10 08:02:27,178 - cmd_lambda.py:31 - tdk_lambda - Lambda status: ['/app/bms/tdk_lambda.py', 'status'] - list index out of range
Traceback (most recent call last):
  File "/app/bms/controller/cmd_lambda.py", line 28, in lambda_status
    output = subprocess.check_output(command, universal_newlines=True).split('=>')[1].strip()
IndexError: list index out of range
[ERROR] 2026-07-10 08:04:18,310 - cmd_lambda.py:31 - tdk_lambda - Lambda status: ['/app/bms/tdk_lambda.py', 'status'] - list index out of range
Traceback (most recent call last):
  File "/app/bms/controller/cmd_lambda.py", line 28, in lambda_status
    output = subprocess.check_output(command, universal_newlines=True).split('=>')[1].strip()
IndexError: list index out of range
[ERROR] 2026-07-10 08:04:22,376 - cmd_lambda.py:31 - tdk_lambda - Lambda status: ['/app/bms/tdk_lambda.py', 'status'] - list index out of range
Traceback (most recent call last):
  File "/app/bms/controller/cmd_lambda.py", line 28, in lambda_status
    output = subprocess.check_output(command, universal_newlines=True).split('=>')[1].strip()
IndexError: list index out of range
[ERROR] 2026-07-10 08:04:25,667 - cmd_lambda.py:31 - tdk_lambda - Lambda status: ['/app/bms/tdk_lambda.py', 'status'] - list index out of range
Traceback (most recent call last):
  File "/app/bms/controller/cmd_lambda.py", line 28, in lambda_status
    output = subprocess.check_output(command, universal_newlines=True).split('=>')[1].strip()
IndexError: list index out of range
